You are using Node.js 18.20.8. For Next.js, Node.js version ">=20.9.0" is required.
